[0.004s][info][gc,heap] Heap region size: 1M
[0.006s][info][gc     ] Using G1
[0.006s][info][gc,heap,coops] Heap address: 0x00000006cfa00000, size: 4870 MB, Compressed Oops mode: Zero based, Oop shift amount: 3
[0.243s][info][gc,start     ] GC(0) Pause Young (Normal) (G1 Evacuation Pause)
[0.243s][info][gc,task      ] GC(0) Using 2 workers of 2 for evacuation
[0.248s][info][gc,phases    ] GC(0)   Pre Evacuate Collection Set: 0.0ms
[0.248s][info][gc,phases    ] GC(0)   Evacuate Collection Set: 4.5ms
[0.248s][info][gc,phases    ] GC(0)   Post Evacuate Collection Set: 0.4ms
[0.248s][info][gc,phases    ] GC(0)   Other: 0.3ms
[0.248s][info][gc,heap      ] GC(0) Eden regions: 7->0(4)
[0.248s][info][gc,heap      ] GC(0) Survivor regions: 0->1(1)
[0.248s][info][gc,heap      ] GC(0) Old regions: 0->4
[0.248s][info][gc,heap      ] GC(0) Humongous regions: 3->3
[0.248s][info][gc,metaspace ] GC(0) Metaspace: 7591K->7591K(1056768K)
[0.248s][info][gc           ] GC(0) Pause Young (Normal) (G1 Evacuation Pause) 10M->7M(110M) 5.216ms
[0.248s][info][gc,cpu       ] GC(0) User=0.01s Sys=0.00s Real=0.01s
[0.288s][info][gc,start     ] GC(1) Pause Young (Normal) (G1 Evacuation Pause)
[0.288s][info][gc,task      ] GC(1) Using 2 workers of 2 for evacuation
[0.290s][info][gc,phases    ] GC(1)   Pre Evacuate Collection Set: 0.0ms
[0.290s][info][gc,phases    ] GC(1)   Evacuate Collection Set: 2.1ms
[0.290s][info][gc,phases    ] GC(1)   Post Evacuate Collection Set: 0.2ms
[0.290s][info][gc,phases    ] GC(1)   Other: 0.1ms
[0.290s][info][gc,heap      ] GC(1) Eden regions: 4->0(9)
[0.290s][info][gc,heap      ] GC(1) Survivor regions: 1->1(1)
[0.290s][info][gc,heap      ] GC(1) Old regions: 4->5
[0.290s][info][gc,heap      ] GC(1) Humongous regions: 3->3
[0.290s][info][gc,metaspace ] GC(1) Metaspace: 7700K->7700K(1056768K)
[0.290s][info][gc           ] GC(1) Pause Young (Normal) (G1 Evacuation Pause) 11M->8M(110M) 2.423ms
[0.290s][info][gc,cpu       ] GC(1) User=0.00s Sys=0.00s Real=0.00s
[0.343s][info][gc,start     ] GC(2) Pause Young (Normal) (G1 Evacuation Pause)
[0.343s][info][gc,task      ] GC(2) Using 2 workers of 2 for evacuation
[0.346s][info][gc,phases    ] GC(2)   Pre Evacuate Collection Set: 0.0ms
[0.346s][info][gc,phases    ] GC(2)   Evacuate Collection Set: 2.6ms
[0.346s][info][gc,phases    ] GC(2)   Post Evacuate Collection Set: 0.2ms
[0.346s][info][gc,phases    ] GC(2)   Other: 0.1ms
[0.346s][info][gc,heap      ] GC(2) Eden regions: 9->0(12)
[0.346s][info][gc,heap      ] GC(2) Survivor regions: 1->2(2)
[0.346s][info][gc,heap      ] GC(2) Old regions: 5->7
[0.346s][info][gc,heap      ] GC(2) Humongous regions: 3->3
[0.346s][info][gc,metaspace ] GC(2) Metaspace: 7802K->7802K(1056768K)
[0.346s][info][gc           ] GC(2) Pause Young (Normal) (G1 Evacuation Pause) 17M->11M(110M) 2.923ms
[0.346s][info][gc,cpu       ] GC(2) User=0.00s Sys=0.00s Real=0.01s
[0.475s][info][gc,start     ] GC(3) Pause Young (Normal) (G1 Evacuation Pause)
[0.475s][info][gc,task      ] GC(3) Using 2 workers of 2 for evacuation
[0.482s][info][gc,phases    ] GC(3)   Pre Evacuate Collection Set: 0.0ms
[0.482s][info][gc,phases    ] GC(3)   Evacuate Collection Set: 6.3ms
[0.482s][info][gc,phases    ] GC(3)   Post Evacuate Collection Set: 0.3ms
[0.482s][info][gc,phases    ] GC(3)   Other: 0.1ms
[0.482s][info][gc,heap      ] GC(3) Eden regions: 12->0(16)
[0.482s][info][gc,heap      ] GC(3) Survivor regions: 2->2(2)
[0.482s][info][gc,heap      ] GC(3) Old regions: 7->13
[0.482s][info][gc,heap      ] GC(3) Humongous regions: 5->5
[0.482s][info][gc,metaspace ] GC(3) Metaspace: 9286K->9286K(1058816K)
[0.482s][info][gc           ] GC(3) Pause Young (Normal) (G1 Evacuation Pause) 25M->19M(110M) 6.755ms
[0.482s][info][gc,cpu       ] GC(3) User=0.00s Sys=0.00s Real=0.00s
[1.052s][info][gc,start     ] GC(4) Pause Young (Normal) (G1 Evacuation Pause)
[1.052s][info][gc,task      ] GC(4) Using 2 workers of 2 for evacuation
[1.060s][info][gc,phases    ] GC(4)   Pre Evacuate Collection Set: 0.0ms
[1.060s][info][gc,phases    ] GC(4)   Evacuate Collection Set: 7.0ms
[1.060s][info][gc,phases    ] GC(4)   Post Evacuate Collection Set: 0.8ms
[1.060s][info][gc,phases    ] GC(4)   Other: 0.1ms
[1.060s][info][gc,heap      ] GC(4) Eden regions: 16->0(22)
[1.060s][info][gc,heap      ] GC(4) Survivor regions: 2->3(3)
[1.060s][info][gc,heap      ] GC(4) Old regions: 13->17
[1.060s][info][gc,heap      ] GC(4) Humongous regions: 6->6
[1.060s][info][gc,metaspace ] GC(4) Metaspace: 17019K->17019K(1064960K)
[1.060s][info][gc           ] GC(4) Pause Young (Normal) (G1 Evacuation Pause) 36M->25M(156M) 7.986ms
[1.060s][info][gc,cpu       ] GC(4) User=0.01s Sys=0.00s Real=0.01s
[1.174s][info][gc,start     ] GC(5) Pause Young (Concurrent Start) (Metadata GC Threshold)
[1.174s][info][gc,task      ] GC(5) Using 2 workers of 2 for evacuation
[1.183s][info][gc,phases    ] GC(5)   Pre Evacuate Collection Set: 0.0ms
[1.183s][info][gc,phases    ] GC(5)   Evacuate Collection Set: 8.6ms
[1.183s][info][gc,phases    ] GC(5)   Post Evacuate Collection Set: 0.5ms
[1.183s][info][gc,phases    ] GC(5)   Other: 0.3ms
[1.183s][info][gc,heap      ] GC(5) Eden regions: 15->0(24)
[1.183s][info][gc,heap      ] GC(5) Survivor regions: 3->4(4)
[1.183s][info][gc,heap      ] GC(5) Old regions: 17->25
[1.183s][info][gc,heap      ] GC(5) Humongous regions: 8->6
[1.183s][info][gc,metaspace ] GC(5) Metaspace: 20697K->20697K(1069056K)
[1.183s][info][gc           ] GC(5) Pause Young (Concurrent Start) (Metadata GC Threshold) 42M->34M(156M) 9.593ms
[1.183s][info][gc,cpu       ] GC(5) User=0.01s Sys=0.01s Real=0.01s
[1.183s][info][gc           ] GC(6) Concurrent Cycle
[1.183s][info][gc,marking   ] GC(6) Concurrent Clear Claimed Marks
[1.183s][info][gc,marking   ] GC(6) Concurrent Clear Claimed Marks 0.014ms
[1.183s][info][gc,marking   ] GC(6) Concurrent Scan Root Regions
[1.184s][info][gc,marking   ] GC(6) Concurrent Scan Root Regions 0.533ms
[1.184s][info][gc,marking   ] GC(6) Concurrent Mark (1.184s)
[1.184s][info][gc,marking   ] GC(6) Concurrent Mark From Roots
[1.184s][info][gc,task      ] GC(6) Using 1 workers of 1 for marking
[1.191s][info][gc,marking   ] GC(6) Concurrent Mark From Roots 7.255ms
[1.191s][info][gc,marking   ] GC(6) Concurrent Preclean
[1.191s][info][gc,marking   ] GC(6) Concurrent Preclean 0.042ms
[1.191s][info][gc,marking   ] GC(6) Concurrent Mark (1.184s, 1.191s) 7.319ms
[1.194s][info][gc,start     ] GC(6) Pause Remark
[1.198s][info][gc,stringtable] GC(6) Cleaned string and symbol table, strings: 6887 processed, 9 removed, symbols: 63834 processed, 12 removed
[1.199s][info][gc            ] GC(6) Pause Remark 34M->34M(156M) 4.672ms
[1.199s][info][gc,cpu        ] GC(6) User=0.01s Sys=0.00s Real=0.00s
[1.199s][info][gc,marking    ] GC(6) Concurrent Rebuild Remembered Sets
[1.207s][info][gc,marking    ] GC(6) Concurrent Rebuild Remembered Sets 8.366ms
[1.208s][info][gc,start      ] GC(6) Pause Cleanup
[1.208s][info][gc            ] GC(6) Pause Cleanup 35M->35M(156M) 0.142ms
[1.208s][info][gc,cpu        ] GC(6) User=0.00s Sys=0.00s Real=0.00s
[1.208s][info][gc,marking    ] GC(6) Concurrent Cleanup for Next Mark
[1.210s][info][gc,marking    ] GC(6) Concurrent Cleanup for Next Mark 1.949ms
[1.210s][info][gc            ] GC(6) Concurrent Cycle 26.615ms
[1.371s][info][gc,start      ] GC(7) Pause Young (Normal) (G1 Evacuation Pause)
[1.371s][info][gc,task       ] GC(7) Using 2 workers of 2 for evacuation
[1.377s][info][gc,phases     ] GC(7)   Pre Evacuate Collection Set: 0.0ms
[1.377s][info][gc,phases     ] GC(7)   Evacuate Collection Set: 4.8ms
[1.377s][info][gc,phases     ] GC(7)   Post Evacuate Collection Set: 0.4ms
[1.377s][info][gc,phases     ] GC(7)   Other: 0.1ms
[1.377s][info][gc,heap       ] GC(7) Eden regions: 22->0(35)
[1.377s][info][gc,heap       ] GC(7) Survivor regions: 4->4(4)
[1.377s][info][gc,heap       ] GC(7) Old regions: 25->31
[1.377s][info][gc,heap       ] GC(7) Humongous regions: 6->6
[1.377s][info][gc,metaspace  ] GC(7) Metaspace: 20828K->20828K(1069056K)
[1.377s][info][gc            ] GC(7) Pause Young (Normal) (G1 Evacuation Pause) 56M->41M(156M) 5.425ms
[1.377s][info][gc,cpu        ] GC(7) User=0.01s Sys=0.00s Real=0.01s
[2.409s][info][gc,start      ] GC(8) Pause Young (Normal) (G1 Evacuation Pause)
[2.409s][info][gc,task       ] GC(8) Using 2 workers of 2 for evacuation
[2.421s][info][gc,phases     ] GC(8)   Pre Evacuate Collection Set: 0.0ms
[2.421s][info][gc,phases     ] GC(8)   Evacuate Collection Set: 12.0ms
[2.421s][info][gc,phases     ] GC(8)   Post Evacuate Collection Set: 0.5ms
[2.421s][info][gc,phases     ] GC(8)   Other: 0.1ms
[2.421s][info][gc,heap       ] GC(8) Eden regions: 35->0(37)
[2.421s][info][gc,heap       ] GC(8) Survivor regions: 4->5(5)
[2.421s][info][gc,heap       ] GC(8) Old regions: 31->42
[2.421s][info][gc,heap       ] GC(8) Humongous regions: 6->6
[2.421s][info][gc,metaspace  ] GC(8) Metaspace: 26968K->26968K(1075200K)
[2.421s][info][gc            ] GC(8) Pause Young (Normal) (G1 Evacuation Pause) 76M->52M(156M) 12.649ms
[2.421s][info][gc,cpu        ] GC(8) User=0.02s Sys=0.00s Real=0.01s
[2.863s][info][gc,start      ] GC(9) Pause Young (Normal) (G1 Evacuation Pause)
[2.863s][info][gc,task       ] GC(9) Using 2 workers of 2 for evacuation
[2.892s][info][gc,phases     ] GC(9)   Pre Evacuate Collection Set: 0.0ms
[2.892s][info][gc,phases     ] GC(9)   Evacuate Collection Set: 18.3ms
[2.892s][info][gc,phases     ] GC(9)   Post Evacuate Collection Set: 10.6ms
[2.892s][info][gc,phases     ] GC(9)   Other: 0.2ms
[2.892s][info][gc,heap       ] GC(9) Eden regions: 37->0(53)
[2.892s][info][gc,heap       ] GC(9) Survivor regions: 5->6(6)
[2.892s][info][gc,heap       ] GC(9) Old regions: 42->51
[2.892s][info][gc,heap       ] GC(9) Humongous regions: 16->16
[2.892s][info][gc,metaspace  ] GC(9) Metaspace: 29053K->29053K(1077248K)
[2.892s][info][gc            ] GC(9) Pause Young (Normal) (G1 Evacuation Pause) 99M->73M(227M) 29.110ms
[2.892s][info][gc,cpu        ] GC(9) User=0.05s Sys=0.01s Real=0.03s
[3.356s][info][gc,start      ] GC(10) Pause Young (Normal) (G1 Evacuation Pause)
[3.356s][info][gc,task       ] GC(10) Using 2 workers of 2 for evacuation
[3.372s][info][gc,phases     ] GC(10)   Pre Evacuate Collection Set: 0.0ms
[3.372s][info][gc,phases     ] GC(10)   Evacuate Collection Set: 15.0ms
[3.372s][info][gc,phases     ] GC(10)   Post Evacuate Collection Set: 0.9ms
[3.372s][info][gc,phases     ] GC(10)   Other: 0.1ms
[3.372s][info][gc,heap       ] GC(10) Eden regions: 53->0(52)
[3.372s][info][gc,heap       ] GC(10) Survivor regions: 6->8(8)
[3.372s][info][gc,heap       ] GC(10) Old regions: 51->61
[3.372s][info][gc,heap       ] GC(10) Humongous regions: 28->28
[3.372s][info][gc,metaspace  ] GC(10) Metaspace: 31938K->31938K(1079296K)
[3.372s][info][gc            ] GC(10) Pause Young (Normal) (G1 Evacuation Pause) 138M->96M(227M) 16.109ms
[3.372s][info][gc,cpu        ] GC(10) User=0.02s Sys=0.01s Real=0.01s
[3.653s][info][gc,start      ] GC(11) Pause Young (Concurrent Start) (Metadata GC Threshold)
[3.653s][info][gc,task       ] GC(11) Using 2 workers of 2 for evacuation
[3.664s][info][gc,phases     ] GC(11)   Pre Evacuate Collection Set: 0.1ms
[3.664s][info][gc,phases     ] GC(11)   Evacuate Collection Set: 9.7ms
[3.664s][info][gc,phases     ] GC(11)   Post Evacuate Collection Set: 0.6ms
[3.664s][info][gc,phases     ] GC(11)   Other: 0.2ms
[3.664s][info][gc,heap       ] GC(11) Eden regions: 36->0(45)
[3.664s][info][gc,heap       ] GC(11) Survivor regions: 8->8(8)
[3.664s][info][gc,heap       ] GC(11) Old regions: 61->69
[3.664s][info][gc,heap       ] GC(11) Humongous regions: 34->34
[3.664s][info][gc,metaspace  ] GC(11) Metaspace: 34866K->34866K(1081344K)
[3.664s][info][gc            ] GC(11) Pause Young (Concurrent Start) (Metadata GC Threshold) 138M->111M(227M) 10.648ms
[3.664s][info][gc,cpu        ] GC(11) User=0.02s Sys=0.00s Real=0.01s
[3.664s][info][gc            ] GC(12) Concurrent Cycle
[3.664s][info][gc,marking    ] GC(12) Concurrent Clear Claimed Marks
[3.664s][info][gc,marking    ] GC(12) Concurrent Clear Claimed Marks 0.025ms
[3.664s][info][gc,marking    ] GC(12) Concurrent Scan Root Regions
[3.665s][info][gc,marking    ] GC(12) Concurrent Scan Root Regions 1.058ms
[3.665s][info][gc,marking    ] GC(12) Concurrent Mark (3.665s)
[3.665s][info][gc,marking    ] GC(12) Concurrent Mark From Roots
[3.665s][info][gc,task       ] GC(12) Using 1 workers of 1 for marking
[3.740s][info][gc,marking    ] GC(12) Concurrent Mark From Roots 75.235ms
[3.740s][info][gc,marking    ] GC(12) Concurrent Preclean
[3.740s][info][gc,marking    ] GC(12) Concurrent Preclean 0.099ms
[3.740s][info][gc,marking    ] GC(12) Concurrent Mark (3.665s, 3.740s) 75.380ms
[3.742s][info][gc,start      ] GC(12) Pause Remark
[3.749s][info][gc,stringtable] GC(12) Cleaned string and symbol table, strings: 16764 processed, 361 removed, symbols: 105792 processed, 74 removed
[3.749s][info][gc            ] GC(12) Pause Remark 112M->107M(227M) 7.327ms
[3.749s][info][gc,cpu        ] GC(12) User=0.01s Sys=0.00s Real=0.01s
[3.750s][info][gc,marking    ] GC(12) Concurrent Rebuild Remembered Sets
[3.863s][info][gc,marking    ] GC(12) Concurrent Rebuild Remembered Sets 112.635ms
[3.863s][info][gc,start      ] GC(12) Pause Cleanup
[3.863s][info][gc            ] GC(12) Pause Cleanup 111M->111M(227M) 0.123ms
[3.863s][info][gc,cpu        ] GC(12) User=0.00s Sys=0.00s Real=0.00s
[3.863s][info][gc,marking    ] GC(12) Concurrent Cleanup for Next Mark
[3.877s][info][gc,marking    ] GC(12) Concurrent Cleanup for Next Mark 14.461ms
[3.877s][info][gc            ] GC(12) Concurrent Cycle 213.441ms
[4.753s][info][gc,start      ] GC(13) Pause Young (Prepare Mixed) (G1 Evacuation Pause)
[4.753s][info][gc,task       ] GC(13) Using 2 workers of 2 for evacuation
[4.766s][info][gc,phases     ] GC(13)   Pre Evacuate Collection Set: 0.0ms
[4.766s][info][gc,phases     ] GC(13)   Evacuate Collection Set: 11.3ms
[4.766s][info][gc,phases     ] GC(13)   Post Evacuate Collection Set: 1.0ms
[4.766s][info][gc,phases     ] GC(13)   Other: 0.2ms
[4.766s][info][gc,heap       ] GC(13) Eden regions: 45->0(4)
[4.766s][info][gc,heap       ] GC(13) Survivor regions: 8->7(7)
[4.766s][info][gc,heap       ] GC(13) Old regions: 67->76
[4.766s][info][gc,heap       ] GC(13) Humongous regions: 31->31
[4.766s][info][gc,metaspace  ] GC(13) Metaspace: 47222K->47222K(1093632K)
[4.766s][info][gc            ] GC(13) Pause Young (Prepare Mixed) (G1 Evacuation Pause) 151M->113M(227M) 12.522ms
[4.766s][info][gc,cpu        ] GC(13) User=0.02s Sys=0.00s Real=0.02s
[4.874s][info][gc,start      ] GC(14) Pause Young (Mixed) (G1 Evacuation Pause)
[4.874s][info][gc,task       ] GC(14) Using 2 workers of 2 for evacuation
[4.898s][info][gc,phases     ] GC(14)   Pre Evacuate Collection Set: 0.1ms
[4.898s][info][gc,phases     ] GC(14)   Evacuate Collection Set: 21.3ms
[4.898s][info][gc,phases     ] GC(14)   Post Evacuate Collection Set: 2.4ms
[4.898s][info][gc,phases     ] GC(14)   Other: 0.2ms
[4.898s][info][gc,heap       ] GC(14) Eden regions: 4->0(84)
[4.898s][info][gc,heap       ] GC(14) Survivor regions: 7->1(2)
[4.898s][info][gc,heap       ] GC(14) Old regions: 76->78
[4.898s][info][gc,heap       ] GC(14) Humongous regions: 32->31
[4.898s][info][gc,metaspace  ] GC(14) Metaspace: 49294K->49294K(1095680K)
[4.898s][info][gc            ] GC(14) Pause Young (Mixed) (G1 Evacuation Pause) 118M->110M(350M) 24.001ms
[4.898s][info][gc,cpu        ] GC(14) User=0.04s Sys=0.00s Real=0.02s
[5.444s][info][gc,start      ] GC(15) Pause Young (Concurrent Start) (Metadata GC Threshold)
[5.444s][info][gc,task       ] GC(15) Using 2 workers of 2 for evacuation
[5.456s][info][gc,phases     ] GC(15)   Pre Evacuate Collection Set: 0.1ms
[5.456s][info][gc,phases     ] GC(15)   Evacuate Collection Set: 10.5ms
[5.456s][info][gc,phases     ] GC(15)   Post Evacuate Collection Set: 1.2ms
[5.456s][info][gc,phases     ] GC(15)   Other: 0.2ms
[5.456s][info][gc,heap       ] GC(15) Eden regions: 22->0(87)
[5.456s][info][gc,heap       ] GC(15) Survivor regions: 1->4(11)
[5.456s][info][gc,heap       ] GC(15) Old regions: 78->78
[5.456s][info][gc,heap       ] GC(15) Humongous regions: 31->31
[5.456s][info][gc,metaspace  ] GC(15) Metaspace: 59590K->59590K(1105920K)
[5.456s][info][gc            ] GC(15) Pause Young (Concurrent Start) (Metadata GC Threshold) 131M->112M(350M) 12.111ms
[5.456s][info][gc,cpu        ] GC(15) User=0.02s Sys=0.00s Real=0.02s
[5.456s][info][gc            ] GC(16) Concurrent Cycle
[5.456s][info][gc,marking    ] GC(16) Concurrent Clear Claimed Marks
[5.456s][info][gc,marking    ] GC(16) Concurrent Clear Claimed Marks 0.041ms
[5.456s][info][gc,marking    ] GC(16) Concurrent Scan Root Regions
[5.460s][info][gc,marking    ] GC(16) Concurrent Scan Root Regions 3.995ms
[5.460s][info][gc,marking    ] GC(16) Concurrent Mark (5.460s)
[5.460s][info][gc,marking    ] GC(16) Concurrent Mark From Roots
[5.460s][info][gc,task       ] GC(16) Using 1 workers of 1 for marking
[5.583s][info][gc,marking    ] GC(16) Concurrent Mark From Roots 123.210ms
[5.583s][info][gc,marking    ] GC(16) Concurrent Preclean
[5.583s][info][gc,marking    ] GC(16) Concurrent Preclean 0.211ms
[5.583s][info][gc,marking    ] GC(16) Concurrent Mark (5.460s, 5.583s) 123.462ms
[5.598s][info][gc,start      ] GC(16) Pause Remark
[5.608s][info][gc,stringtable] GC(16) Cleaned string and symbol table, strings: 24154 processed, 89 removed, symbols: 176364 processed, 75 removed
[5.608s][info][gc            ] GC(16) Pause Remark 117M->115M(350M) 10.246ms
[5.608s][info][gc,cpu        ] GC(16) User=0.02s Sys=0.00s Real=0.01s
[5.608s][info][gc,marking    ] GC(16) Concurrent Rebuild Remembered Sets
[5.656s][info][gc,marking    ] GC(16) Concurrent Rebuild Remembered Sets 47.698ms
[5.658s][info][gc,start      ] GC(16) Pause Cleanup
[5.658s][info][gc            ] GC(16) Pause Cleanup 117M->117M(350M) 0.114ms
[5.658s][info][gc,cpu        ] GC(16) User=0.00s Sys=0.00s Real=0.00s
[5.658s][info][gc,marking    ] GC(16) Concurrent Cleanup for Next Mark
[5.660s][info][gc,marking    ] GC(16) Concurrent Cleanup for Next Mark 1.674ms
[5.660s][info][gc            ] GC(16) Concurrent Cycle 203.859ms
[8.374s][info][gc,start      ] GC(17) Pause Young (Prepare Mixed) (G1 Evacuation Pause)
[8.374s][info][gc,task       ] GC(17) Using 2 workers of 2 for evacuation
[8.409s][info][gc,phases     ] GC(17)   Pre Evacuate Collection Set: 0.1ms
[8.409s][info][gc,phases     ] GC(17)   Evacuate Collection Set: 28.8ms
[8.409s][info][gc,phases     ] GC(17)   Post Evacuate Collection Set: 5.5ms
[8.409s][info][gc,phases     ] GC(17)   Other: 0.2ms
[8.409s][info][gc,heap       ] GC(17) Eden regions: 87->0(5)
[8.409s][info][gc,heap       ] GC(17) Survivor regions: 4->12(12)
[8.409s][info][gc,heap       ] GC(17) Old regions: 78->79
[8.409s][info][gc,heap       ] GC(17) Humongous regions: 29->29
[8.409s][info][gc,metaspace  ] GC(17) Metaspace: 88499K->88499K(1130496K)
[8.409s][info][gc            ] GC(17) Pause Young (Prepare Mixed) (G1 Evacuation Pause) 197M->119M(350M) 34.592ms
[8.409s][info][gc,cpu        ] GC(17) User=0.05s Sys=0.01s Real=0.03s
[8.524s][info][gc,start      ] GC(18) Pause Young (Mixed) (G1 Evacuation Pause)
[8.524s][info][gc,task       ] GC(18) Using 2 workers of 2 for evacuation
[8.540s][info][gc,phases     ] GC(18)   Pre Evacuate Collection Set: 0.0ms
[8.541s][info][gc,phases     ] GC(18)   Evacuate Collection Set: 15.1ms
[8.541s][info][gc,phases     ] GC(18)   Post Evacuate Collection Set: 1.6ms
[8.541s][info][gc,phases     ] GC(18)   Other: 0.2ms
[8.541s][info][gc,heap       ] GC(18) Eden regions: 5->0(133)
[8.541s][info][gc,heap       ] GC(18) Survivor regions: 12->1(3)
[8.541s][info][gc,heap       ] GC(18) Old regions: 79->89
[8.541s][info][gc,heap       ] GC(18) Humongous regions: 29->29
[8.541s][info][gc,metaspace  ] GC(18) Metaspace: 88582K->88582K(1130496K)
[8.541s][info][gc            ] GC(18) Pause Young (Mixed) (G1 Evacuation Pause) 124M->118M(350M) 17.014ms
[8.541s][info][gc,cpu        ] GC(18) User=0.03s Sys=0.00s Real=0.02s
[10.883s][info][gc,start      ] GC(19) Pause Young (Concurrent Start) (Metadata GC Threshold)
[10.883s][info][gc,task       ] GC(19) Using 2 workers of 2 for evacuation
[10.901s][info][gc,phases     ] GC(19)   Pre Evacuate Collection Set: 0.2ms
[10.901s][info][gc,phases     ] GC(19)   Evacuate Collection Set: 12.8ms
[10.901s][info][gc,phases     ] GC(19)   Post Evacuate Collection Set: 4.4ms
[10.901s][info][gc,phases     ] GC(19)   Other: 0.2ms
[10.901s][info][gc,heap       ] GC(19) Eden regions: 100->0(190)
[10.901s][info][gc,heap       ] GC(19) Survivor regions: 1->6(17)
[10.901s][info][gc,heap       ] GC(19) Old regions: 89->89
[10.901s][info][gc,heap       ] GC(19) Humongous regions: 29->29
[10.901s][info][gc,metaspace  ] GC(19) Metaspace: 103256K->103256K(1144832K)
[10.901s][info][gc            ] GC(19) Pause Young (Concurrent Start) (Metadata GC Threshold) 218M->123M(466M) 17.701ms
[10.901s][info][gc,cpu        ] GC(19) User=0.03s Sys=0.00s Real=0.02s
[10.901s][info][gc            ] GC(20) Concurrent Cycle
[10.901s][info][gc,marking    ] GC(20) Concurrent Clear Claimed Marks
[10.901s][info][gc,marking    ] GC(20) Concurrent Clear Claimed Marks 0.080ms
[10.901s][info][gc,marking    ] GC(20) Concurrent Scan Root Regions
[10.905s][info][gc,marking    ] GC(20) Concurrent Scan Root Regions 3.838ms
[10.905s][info][gc,marking    ] GC(20) Concurrent Mark (10.905s)
[10.905s][info][gc,marking    ] GC(20) Concurrent Mark From Roots
[10.905s][info][gc,task       ] GC(20) Using 1 workers of 1 for marking
[11.084s][info][gc,marking    ] GC(20) Concurrent Mark From Roots 179.015ms
[11.084s][info][gc,marking    ] GC(20) Concurrent Preclean
[11.084s][info][gc,marking    ] GC(20) Concurrent Preclean 0.185ms
[11.084s][info][gc,marking    ] GC(20) Concurrent Mark (10.905s, 11.084s) 179.239ms
[11.084s][info][gc,start      ] GC(20) Pause Remark
[11.112s][info][gc,stringtable] GC(20) Cleaned string and symbol table, strings: 41304 processed, 41 removed, symbols: 287224 processed, 114 removed
[11.112s][info][gc            ] GC(20) Pause Remark 128M->128M(466M) 28.131ms
[11.112s][info][gc,cpu        ] GC(20) User=0.05s Sys=0.00s Real=0.03s
[11.112s][info][gc,marking    ] GC(20) Concurrent Rebuild Remembered Sets
[11.216s][info][gc,marking    ] GC(20) Concurrent Rebuild Remembered Sets 104.069ms
[11.217s][info][gc,start      ] GC(20) Pause Cleanup
[11.217s][info][gc            ] GC(20) Pause Cleanup 130M->130M(466M) 0.178ms
[11.217s][info][gc,cpu        ] GC(20) User=0.00s Sys=0.00s Real=0.00s
[11.217s][info][gc,marking    ] GC(20) Concurrent Cleanup for Next Mark
[11.228s][info][gc,marking    ] GC(20) Concurrent Cleanup for Next Mark 11.646ms
[11.228s][info][gc            ] GC(20) Concurrent Cycle 327.661ms
[14.077s][info][gc,start      ] GC(21) Pause Young (Prepare Mixed) (G1 Evacuation Pause)
[14.078s][info][gc,task       ] GC(21) Using 2 workers of 2 for evacuation
[14.111s][info][gc,phases     ] GC(21)   Pre Evacuate Collection Set: 0.0ms
[14.111s][info][gc,phases     ] GC(21)   Evacuate Collection Set: 30.4ms
[14.111s][info][gc,phases     ] GC(21)   Post Evacuate Collection Set: 3.1ms
[14.111s][info][gc,phases     ] GC(21)   Other: 0.3ms
[14.111s][info][gc,heap       ] GC(21) Eden regions: 190->0(6)
[14.111s][info][gc,heap       ] GC(21) Survivor regions: 6->17(25)
[14.111s][info][gc,heap       ] GC(21) Old regions: 89->89
[14.111s][info][gc,heap       ] GC(21) Humongous regions: 82->34
[14.111s][info][gc,metaspace  ] GC(21) Metaspace: 110376K->110376K(1150976K)
[14.111s][info][gc            ] GC(21) Pause Young (Prepare Mixed) (G1 Evacuation Pause) 366M->139M(466M) 33.940ms
[14.111s][info][gc,cpu        ] GC(21) User=0.07s Sys=0.00s Real=0.03s
[14.254s][info][gc,start      ] GC(22) Pause Young (Mixed) (G1 Evacuation Pause)
[14.254s][info][gc,task       ] GC(22) Using 2 workers of 2 for evacuation
[14.276s][info][gc,phases     ] GC(22)   Pre Evacuate Collection Set: 0.0ms
[14.276s][info][gc,phases     ] GC(22)   Evacuate Collection Set: 19.4ms
[14.276s][info][gc,phases     ] GC(22)   Post Evacuate Collection Set: 2.5ms
[14.276s][info][gc,phases     ] GC(22)   Other: 0.2ms
[14.276s][info][gc,heap       ] GC(22) Eden regions: 6->0(202)
[14.276s][info][gc,heap       ] GC(22) Survivor regions: 17->1(3)
[14.276s][info][gc,heap       ] GC(22) Old regions: 89->103
[14.276s][info][gc,heap       ] GC(22) Humongous regions: 34->29
[14.276s][info][gc,metaspace  ] GC(22) Metaspace: 111154K->111154K(1150976K)
[14.276s][info][gc            ] GC(22) Pause Young (Mixed) (G1 Evacuation Pause) 145M->132M(466M) 22.208ms
[14.276s][info][gc,cpu        ] GC(22) User=0.03s Sys=0.01s Real=0.02s
[16.193s][info][gc,start      ] GC(23) Pause Young (Concurrent Start) (G1 Evacuation Pause)
[16.193s][info][gc,task       ] GC(23) Using 2 workers of 2 for evacuation
[16.216s][info][gc,phases     ] GC(23)   Pre Evacuate Collection Set: 0.3ms
[16.216s][info][gc,phases     ] GC(23)   Evacuate Collection Set: 20.1ms
[16.216s][info][gc,phases     ] GC(23)   Post Evacuate Collection Set: 2.0ms
[16.216s][info][gc,phases     ] GC(23)   Other: 0.3ms
[16.216s][info][gc,heap       ] GC(23) Eden regions: 202->0(210)
[16.216s][info][gc,heap       ] GC(23) Survivor regions: 1->6(26)
[16.216s][info][gc,heap       ] GC(23) Old regions: 103->103
[16.216s][info][gc,heap       ] GC(23) Humongous regions: 29->29
[16.216s][info][gc,metaspace  ] GC(23) Metaspace: 113508K->113508K(1153024K)
[16.216s][info][gc            ] GC(23) Pause Young (Concurrent Start) (G1 Evacuation Pause) 334M->137M(466M) 22.726ms
[16.216s][info][gc,cpu        ] GC(23) User=0.05s Sys=0.00s Real=0.03s
[16.216s][info][gc            ] GC(24) Concurrent Cycle
[16.216s][info][gc,marking    ] GC(24) Concurrent Clear Claimed Marks
[16.217s][info][gc,marking    ] GC(24) Concurrent Clear Claimed Marks 1.065ms
[16.217s][info][gc,marking    ] GC(24) Concurrent Scan Root Regions
[16.226s][info][gc,marking    ] GC(24) Concurrent Scan Root Regions 9.131ms
[16.226s][info][gc,marking    ] GC(24) Concurrent Mark (16.226s)
[16.226s][info][gc,marking    ] GC(24) Concurrent Mark From Roots
[16.226s][info][gc,task       ] GC(24) Using 1 workers of 1 for marking
[16.431s][info][gc,marking    ] GC(24) Concurrent Mark From Roots 204.922ms
[16.431s][info][gc,marking    ] GC(24) Concurrent Preclean
[16.431s][info][gc,marking    ] GC(24) Concurrent Preclean 0.148ms
[16.431s][info][gc,marking    ] GC(24) Concurrent Mark (16.226s, 16.431s) 205.165ms
[16.431s][info][gc,start      ] GC(24) Pause Remark
[16.467s][info][gc,stringtable] GC(24) Cleaned string and symbol table, strings: 43922 processed, 38 removed, symbols: 299368 processed, 5 removed
[16.467s][info][gc            ] GC(24) Pause Remark 161M->161M(466M) 35.594ms
[16.467s][info][gc,cpu        ] GC(24) User=0.07s Sys=0.00s Real=0.04s
[16.467s][info][gc,marking    ] GC(24) Concurrent Rebuild Remembered Sets
[16.630s][info][gc,marking    ] GC(24) Concurrent Rebuild Remembered Sets 162.537ms
[16.633s][info][gc,start      ] GC(24) Pause Cleanup
[16.633s][info][gc            ] GC(24) Pause Cleanup 184M->184M(466M) 0.230ms
[16.633s][info][gc,cpu        ] GC(24) User=0.00s Sys=0.00s Real=0.00s
[16.633s][info][gc,marking    ] GC(24) Concurrent Cleanup for Next Mark
[16.636s][info][gc,marking    ] GC(24) Concurrent Cleanup for Next Mark 2.669ms
[16.636s][info][gc            ] GC(24) Concurrent Cycle 419.785ms
[17.849s][info][gc,start      ] GC(25) Pause Young (Prepare Mixed) (G1 Evacuation Pause)
[17.849s][info][gc,task       ] GC(25) Using 2 workers of 2 for evacuation
[17.869s][info][gc,phases     ] GC(25)   Pre Evacuate Collection Set: 0.1ms
[17.869s][info][gc,phases     ] GC(25)   Evacuate Collection Set: 16.1ms
[17.869s][info][gc,phases     ] GC(25)   Post Evacuate Collection Set: 2.9ms
[17.869s][info][gc,phases     ] GC(25)   Other: 0.3ms
[17.869s][info][gc,heap       ] GC(25) Eden regions: 210->0(17)
[17.869s][info][gc,heap       ] GC(25) Survivor regions: 6->11(27)
[17.869s][info][gc,heap       ] GC(25) Old regions: 103->103
[17.869s][info][gc,heap       ] GC(25) Humongous regions: 29->29
[17.869s][info][gc,metaspace  ] GC(25) Metaspace: 114254K->114254K(1153024K)
[17.869s][info][gc            ] GC(25) Pause Young (Prepare Mixed) (G1 Evacuation Pause) 347M->142M(560M) 19.378ms
[17.869s][info][gc,cpu        ] GC(25) User=0.04s Sys=0.00s Real=0.02s
[18.019s][info][gc,start      ] GC(26) Pause Young (Mixed) (G1 Evacuation Pause)
[18.019s][info][gc,task       ] GC(26) Using 2 workers of 2 for evacuation
[18.036s][info][gc,phases     ] GC(26)   Pre Evacuate Collection Set: 0.0ms
[18.036s][info][gc,phases     ] GC(26)   Evacuate Collection Set: 15.6ms
[18.036s][info][gc,phases     ] GC(26)   Post Evacuate Collection Set: 1.6ms
[18.036s][info][gc,phases     ] GC(26)   Other: 0.3ms
[18.036s][info][gc,heap       ] GC(26) Eden regions: 17->0(242)
[18.036s][info][gc,heap       ] GC(26) Survivor regions: 11->3(4)
[18.036s][info][gc,heap       ] GC(26) Old regions: 103->113
[18.036s][info][gc,heap       ] GC(26) Humongous regions: 29->29
[18.036s][info][gc,metaspace  ] GC(26) Metaspace: 114353K->114353K(1153024K)
[18.036s][info][gc            ] GC(26) Pause Young (Mixed) (G1 Evacuation Pause) 159M->144M(560M) 17.619ms
[18.036s][info][gc,cpu        ] GC(26) User=0.03s Sys=0.01s Real=0.02s
[20.210s][info][gc,start      ] GC(27) Pause Young (Normal) (G1 Evacuation Pause)
[20.210s][info][gc,task       ] GC(27) Using 2 workers of 2 for evacuation
[20.241s][info][gc,phases     ] GC(27)   Pre Evacuate Collection Set: 0.0ms
[20.241s][info][gc,phases     ] GC(27)   Evacuate Collection Set: 27.1ms
[20.241s][info][gc,phases     ] GC(27)   Post Evacuate Collection Set: 3.5ms
[20.241s][info][gc,phases     ] GC(27)   Other: 0.2ms
[20.241s][info][gc,heap       ] GC(27) Eden regions: 242->0(265)
[20.241s][info][gc,heap       ] GC(27) Survivor regions: 3->16(31)
[20.241s][info][gc,heap       ] GC(27) Old regions: 113->113
[20.241s][info][gc,heap       ] GC(27) Humongous regions: 29->29
[20.241s][info][gc,metaspace  ] GC(27) Metaspace: 115313K->115313K(1155072K)
[20.241s][info][gc            ] GC(27) Pause Young (Normal) (G1 Evacuation Pause) 386M->157M(560M) 30.903ms
[20.241s][info][gc,cpu        ] GC(27) User=0.06s Sys=0.00s Real=0.03s
[22.023s][info][gc,start      ] GC(28) Pause Young (Normal) (G1 Evacuation Pause)
[22.023s][info][gc,task       ] GC(28) Using 2 workers of 2 for evacuation
[22.049s][info][gc,phases     ] GC(28)   Pre Evacuate Collection Set: 0.0ms
[22.049s][info][gc,phases     ] GC(28)   Evacuate Collection Set: 23.5ms
[22.049s][info][gc,phases     ] GC(28)   Post Evacuate Collection Set: 2.7ms
[22.049s][info][gc,phases     ] GC(28)   Other: 0.2ms
[22.049s][info][gc,heap       ] GC(28) Eden regions: 265->0(293)
[22.049s][info][gc,heap       ] GC(28) Survivor regions: 16->19(36)
[22.049s][info][gc,heap       ] GC(28) Old regions: 113->113
[22.049s][info][gc,heap       ] GC(28) Humongous regions: 29->29
[22.049s][info][gc,metaspace  ] GC(28) Metaspace: 115709K->115709K(1155072K)
[22.049s][info][gc            ] GC(28) Pause Young (Normal) (G1 Evacuation Pause) 422M->160M(560M) 26.491ms
[22.049s][info][gc,cpu        ] GC(28) User=0.05s Sys=0.00s Real=0.03s
[23.503s][info][gc,start      ] GC(29) Pause Young (Normal) (G1 Evacuation Pause)
[23.503s][info][gc,task       ] GC(29) Using 2 workers of 2 for evacuation
[23.545s][info][gc,phases     ] GC(29)   Pre Evacuate Collection Set: 0.1ms
[23.545s][info][gc,phases     ] GC(29)   Evacuate Collection Set: 38.1ms
[23.545s][info][gc,phases     ] GC(29)   Post Evacuate Collection Set: 3.6ms
[23.545s][info][gc,phases     ] GC(29)   Other: 0.2ms
[23.545s][info][gc,heap       ] GC(29) Eden regions: 293->0(293)
[23.545s][info][gc,heap       ] GC(29) Survivor regions: 19->24(39)
[23.545s][info][gc,heap       ] GC(29) Old regions: 113->113
[23.545s][info][gc,heap       ] GC(29) Humongous regions: 29->29
[23.545s][info][gc,metaspace  ] GC(29) Metaspace: 115867K->115867K(1155072K)
[23.545s][info][gc            ] GC(29) Pause Young (Normal) (G1 Evacuation Pause) 453M->165M(560M) 42.086ms
[23.545s][info][gc,cpu        ] GC(29) User=0.07s Sys=0.01s Real=0.04s
[25.272s][info][gc,start      ] GC(30) Pause Young (Normal) (G1 Evacuation Pause)
[25.272s][info][gc,task       ] GC(30) Using 2 workers of 2 for evacuation
[25.324s][info][gc,phases     ] GC(30)   Pre Evacuate Collection Set: 0.0ms
[25.324s][info][gc,phases     ] GC(30)   Evacuate Collection Set: 41.8ms
[25.324s][info][gc,phases     ] GC(30)   Post Evacuate Collection Set: 9.8ms
[25.324s][info][gc,phases     ] GC(30)   Other: 0.2ms
[25.324s][info][gc,heap       ] GC(30) Eden regions: 293->0(295)
[25.324s][info][gc,heap       ] GC(30) Survivor regions: 24->19(40)
[25.324s][info][gc,heap       ] GC(30) Old regions: 113->121
[25.324s][info][gc,heap       ] GC(30) Humongous regions: 29->29
[25.324s][info][gc,metaspace  ] GC(30) Metaspace: 115994K->115994K(1155072K)
[25.324s][info][gc            ] GC(30) Pause Young (Normal) (G1 Evacuation Pause) 458M->168M(560M) 51.969ms
[25.324s][info][gc,cpu        ] GC(30) User=0.11s Sys=0.00s Real=0.05s
[27.462s][info][gc,start      ] GC(31) Pause Young (Normal) (G1 Evacuation Pause)
[27.462s][info][gc,task       ] GC(31) Using 2 workers of 2 for evacuation
[27.524s][info][gc,phases     ] GC(31)   Pre Evacuate Collection Set: 0.1ms
[27.524s][info][gc,phases     ] GC(31)   Evacuate Collection Set: 59.3ms
[27.524s][info][gc,phases     ] GC(31)   Post Evacuate Collection Set: 2.3ms
[27.524s][info][gc,phases     ] GC(31)   Other: 0.3ms
[27.524s][info][gc,heap       ] GC(31) Eden regions: 295->0(279)
[27.524s][info][gc,heap       ] GC(31) Survivor regions: 19->33(40)
[27.524s][info][gc,heap       ] GC(31) Old regions: 121->121
[27.524s][info][gc,heap       ] GC(31) Humongous regions: 29->29
[27.524s][info][gc,metaspace  ] GC(31) Metaspace: 116335K->116335K(1155072K)
[27.524s][info][gc            ] GC(31) Pause Young (Normal) (G1 Evacuation Pause) 463M->182M(560M) 62.106ms
[27.524s][info][gc,cpu        ] GC(31) User=0.13s Sys=0.00s Real=0.06s
[29.427s][info][gc,start      ] GC(32) Pause Young (Normal) (G1 Evacuation Pause)
[29.427s][info][gc,task       ] GC(32) Using 2 workers of 2 for evacuation
[29.477s][info][gc,phases     ] GC(32)   Pre Evacuate Collection Set: 0.0ms
[29.477s][info][gc,phases     ] GC(32)   Evacuate Collection Set: 46.6ms
[29.477s][info][gc,phases     ] GC(32)   Post Evacuate Collection Set: 3.3ms
[29.477s][info][gc,phases     ] GC(32)   Other: 0.2ms
[29.477s][info][gc,heap       ] GC(32) Eden regions: 279->0(316)
[29.477s][info][gc,heap       ] GC(32) Survivor regions: 33->27(39)
[29.477s][info][gc,heap       ] GC(32) Old regions: 121->133
[29.477s][info][gc,heap       ] GC(32) Humongous regions: 29->29
[29.477s][info][gc,metaspace  ] GC(32) Metaspace: 116544K->116544K(1157120K)
[29.477s][info][gc            ] GC(32) Pause Young (Normal) (G1 Evacuation Pause) 461M->188M(672M) 50.128ms
[29.477s][info][gc,cpu        ] GC(32) User=0.10s Sys=0.00s Real=0.05s
[31.374s][info][gc,start      ] GC(33) Pause Young (Normal) (G1 Evacuation Pause)
[31.374s][info][gc,task       ] GC(33) Using 2 workers of 2 for evacuation
[31.415s][info][gc,phases     ] GC(33)   Pre Evacuate Collection Set: 0.0ms
[31.415s][info][gc,phases     ] GC(33)   Evacuate Collection Set: 38.2ms
[31.415s][info][gc,phases     ] GC(33)   Post Evacuate Collection Set: 2.9ms
[31.415s][info][gc,phases     ] GC(33)   Other: 0.2ms
[31.415s][info][gc,heap       ] GC(33) Eden regions: 316->0(354)
[31.415s][info][gc,heap       ] GC(33) Survivor regions: 27->25(43)
[31.415s][info][gc,heap       ] GC(33) Old regions: 133->141
[31.415s][info][gc,heap       ] GC(33) Humongous regions: 29->29
[31.415s][info][gc,metaspace  ] GC(33) Metaspace: 116669K->116669K(1157120K)
[31.415s][info][gc            ] GC(33) Pause Young (Normal) (G1 Evacuation Pause) 504M->195M(672M) 41.485ms
[31.415s][info][gc,cpu        ] GC(33) User=0.08s Sys=0.00s Real=0.04s
[33.507s][info][gc,start      ] GC(34) Pause Young (Normal) (G1 Evacuation Pause)
[33.507s][info][gc,task       ] GC(34) Using 2 workers of 2 for evacuation
[33.540s][info][gc,phases     ] GC(34)   Pre Evacuate Collection Set: 0.0ms
[33.540s][info][gc,phases     ] GC(34)   Evacuate Collection Set: 30.2ms
[33.540s][info][gc,phases     ] GC(34)   Post Evacuate Collection Set: 2.6ms
[33.540s][info][gc,phases     ] GC(34)   Other: 0.2ms
[33.540s][info][gc,heap       ] GC(34) Eden regions: 354->0(346)
[33.540s][info][gc,heap       ] GC(34) Survivor regions: 25->24(48)
[33.540s][info][gc,heap       ] GC(34) Old regions: 141->144
[33.540s][info][gc,heap       ] GC(34) Humongous regions: 29->29
[33.540s][info][gc,metaspace  ] GC(34) Metaspace: 116779K->116779K(1157120K)
[33.540s][info][gc            ] GC(34) Pause Young (Normal) (G1 Evacuation Pause) 549M->196M(672M) 33.173ms
[33.540s][info][gc,cpu        ] GC(34) User=0.06s Sys=0.00s Real=0.03s
[35.739s][info][gc,start      ] GC(35) Pause Young (Normal) (G1 Evacuation Pause)
[35.739s][info][gc,task       ] GC(35) Using 2 workers of 2 for evacuation
[35.797s][info][gc,phases     ] GC(35)   Pre Evacuate Collection Set: 0.0ms
[35.797s][info][gc,phases     ] GC(35)   Evacuate Collection Set: 52.5ms
[35.797s][info][gc,phases     ] GC(35)   Post Evacuate Collection Set: 5.0ms
[35.797s][info][gc,phases     ] GC(35)   Other: 0.2ms
[35.797s][info][gc,heap       ] GC(35) Eden regions: 346->0(342)
[35.797s][info][gc,heap       ] GC(35) Survivor regions: 24->28(47)
[35.797s][info][gc,heap       ] GC(35) Old regions: 144->147
[35.797s][info][gc,heap       ] GC(35) Humongous regions: 29->29
[35.797s][info][gc,metaspace  ] GC(35) Metaspace: 117953K->117953K(1157120K)
[35.797s][info][gc            ] GC(35) Pause Young (Normal) (G1 Evacuation Pause) 542M->203M(672M) 57.804ms
[35.797s][info][gc,cpu        ] GC(35) User=0.10s Sys=0.00s Real=0.06s
[37.499s][info][gc,start      ] GC(36) Pause Young (Normal) (G1 Evacuation Pause)
[37.499s][info][gc,task       ] GC(36) Using 2 workers of 2 for evacuation
[37.547s][info][gc,phases     ] GC(36)   Pre Evacuate Collection Set: 0.0ms
[37.547s][info][gc,phases     ] GC(36)   Evacuate Collection Set: 45.7ms
[37.547s][info][gc,phases     ] GC(36)   Post Evacuate Collection Set: 2.6ms
[37.547s][info][gc,phases     ] GC(36)   Other: 0.2ms
[37.547s][info][gc,heap       ] GC(36) Eden regions: 342->0(342)
[37.547s][info][gc,heap       ] GC(36) Survivor regions: 28->27(47)
[37.547s][info][gc,heap       ] GC(36) Old regions: 147->152
[37.547s][info][gc,heap       ] GC(36) Humongous regions: 29->29
[37.547s][info][gc,metaspace  ] GC(36) Metaspace: 117994K->117994K(1157120K)
[37.547s][info][gc            ] GC(36) Pause Young (Normal) (G1 Evacuation Pause) 545M->207M(672M) 48.632ms
[37.547s][info][gc,cpu        ] GC(36) User=0.10s Sys=0.00s Real=0.05s
[39.451s][info][gc,start      ] GC(37) Pause Young (Normal) (G1 Evacuation Pause)
[39.451s][info][gc,task       ] GC(37) Using 2 workers of 2 for evacuation
[39.517s][info][gc,phases     ] GC(37)   Pre Evacuate Collection Set: 0.0ms
[39.517s][info][gc,phases     ] GC(37)   Evacuate Collection Set: 54.9ms
[39.517s][info][gc,phases     ] GC(37)   Post Evacuate Collection Set: 11.0ms
[39.517s][info][gc,phases     ] GC(37)   Other: 0.2ms
[39.517s][info][gc,heap       ] GC(37) Eden regions: 342->0(392)
[39.517s][info][gc,heap       ] GC(37) Survivor regions: 27->29(47)
[39.517s][info][gc,heap       ] GC(37) Old regions: 152->164
[39.517s][info][gc,heap       ] GC(37) Humongous regions: 29->29
[39.517s][info][gc,metaspace  ] GC(37) Metaspace: 118221K->118221K(1157120K)
[39.517s][info][gc            ] GC(37) Pause Young (Normal) (G1 Evacuation Pause) 549M->221M(807M) 66.279ms
[39.517s][info][gc,cpu        ] GC(37) User=0.12s Sys=0.01s Real=0.07s
[41.471s][info][gc,start      ] GC(38) Pause Young (Normal) (G1 Evacuation Pause)
[41.471s][info][gc,task       ] GC(38) Using 2 workers of 2 for evacuation
[41.522s][info][gc,phases     ] GC(38)   Pre Evacuate Collection Set: 0.0ms
[41.522s][info][gc,phases     ] GC(38)   Evacuate Collection Set: 48.6ms
[41.522s][info][gc,phases     ] GC(38)   Post Evacuate Collection Set: 2.6ms
[41.522s][info][gc,phases     ] GC(38)   Other: 0.2ms
[41.522s][info][gc,heap       ] GC(38) Eden regions: 392->0(417)
[41.522s][info][gc,heap       ] GC(38) Survivor regions: 29->34(53)
[41.522s][info][gc,heap       ] GC(38) Old regions: 164->174
[41.522s][info][gc,heap       ] GC(38) Humongous regions: 29->29
[41.522s][info][gc,metaspace  ] GC(38) Metaspace: 118308K->118308K(1157120K)
[41.522s][info][gc            ] GC(38) Pause Young (Normal) (G1 Evacuation Pause) 613M->236M(807M) 51.509ms
[41.522s][info][gc,cpu        ] GC(38) User=0.10s Sys=0.00s Real=0.05s
[43.607s][info][gc,start      ] GC(39) Pause Young (Normal) (G1 Evacuation Pause)
[43.607s][info][gc,task       ] GC(39) Using 2 workers of 2 for evacuation
[43.663s][info][gc,phases     ] GC(39)   Pre Evacuate Collection Set: 0.0ms
[43.663s][info][gc,phases     ] GC(39)   Evacuate Collection Set: 53.6ms
[43.663s][info][gc,phases     ] GC(39)   Post Evacuate Collection Set: 2.5ms
[43.663s][info][gc,phases     ] GC(39)   Other: 0.3ms
[43.663s][info][gc,heap       ] GC(39) Eden regions: 417->0(406)
[43.663s][info][gc,heap       ] GC(39) Survivor regions: 34->40(57)
[43.663s][info][gc,heap       ] GC(39) Old regions: 174->177
[43.663s][info][gc,heap       ] GC(39) Humongous regions: 29->29
[43.663s][info][gc,metaspace  ] GC(39) Metaspace: 118405K->118405K(1157120K)
[43.663s][info][gc            ] GC(39) Pause Young (Normal) (G1 Evacuation Pause) 653M->245M(807M) 56.498ms
[43.663s][info][gc,cpu        ] GC(39) User=0.11s Sys=0.00s Real=0.05s
[45.705s][info][gc,start      ] GC(40) Pause Young (Normal) (G1 Evacuation Pause)
[45.705s][info][gc,task       ] GC(40) Using 2 workers of 2 for evacuation
[45.753s][info][gc,phases     ] GC(40)   Pre Evacuate Collection Set: 0.0ms
[45.753s][info][gc,phases     ] GC(40)   Evacuate Collection Set: 45.2ms
[45.753s][info][gc,phases     ] GC(40)   Post Evacuate Collection Set: 2.8ms
[45.753s][info][gc,phases     ] GC(40)   Other: 0.2ms
[45.753s][info][gc,heap       ] GC(40) Eden regions: 406->0(413)
[45.753s][info][gc,heap       ] GC(40) Survivor regions: 40->31(56)
[45.753s][info][gc,heap       ] GC(40) Old regions: 177->180
[45.753s][info][gc,heap       ] GC(40) Humongous regions: 29->29
[45.753s][info][gc,metaspace  ] GC(40) Metaspace: 118573K->118573K(1157120K)
[45.753s][info][gc            ] GC(40) Pause Young (Normal) (G1 Evacuation Pause) 651M->239M(807M) 48.362ms
[45.753s][info][gc,cpu        ] GC(40) User=0.09s Sys=0.00s Real=0.05s
[47.788s][info][gc,start      ] GC(41) Pause Young (Normal) (G1 Evacuation Pause)
[47.788s][info][gc,task       ] GC(41) Using 2 workers of 2 for evacuation
[47.864s][info][gc,phases     ] GC(41)   Pre Evacuate Collection Set: 0.0ms
[47.864s][info][gc,phases     ] GC(41)   Evacuate Collection Set: 59.0ms
[47.864s][info][gc,phases     ] GC(41)   Post Evacuate Collection Set: 16.3ms
[47.864s][info][gc,phases     ] GC(41)   Other: 0.2ms
[47.864s][info][gc,heap       ] GC(41) Eden regions: 413->0(406)
[47.864s][info][gc,heap       ] GC(41) Survivor regions: 31->34(56)
[47.864s][info][gc,heap       ] GC(41) Old regions: 180->184
[47.864s][info][gc,heap       ] GC(41) Humongous regions: 29->29
[47.864s][info][gc,metaspace  ] GC(41) Metaspace: 118749K->118749K(1159168K)
[47.864s][info][gc            ] GC(41) Pause Young (Normal) (G1 Evacuation Pause) 652M->246M(807M) 75.685ms
[47.864s][info][gc,cpu        ] GC(41) User=0.15s Sys=0.00s Real=0.07s
[48.779s][info][gc,start      ] GC(42) Pause Young (Normal) (G1 Evacuation Pause)
[48.779s][info][gc,task       ] GC(42) Using 2 workers of 2 for evacuation
[48.827s][info][gc,phases     ] GC(42)   Pre Evacuate Collection Set: 0.0ms
[48.827s][info][gc,phases     ] GC(42)   Evacuate Collection Set: 44.5ms
[48.827s][info][gc,phases     ] GC(42)   Post Evacuate Collection Set: 3.7ms
[48.827s][info][gc,phases     ] GC(42)   Other: 0.2ms
[48.827s][info][gc,heap       ] GC(42) Eden regions: 406->0(512)
[48.827s][info][gc,heap       ] GC(42) Survivor regions: 34->33(55)
[48.827s][info][gc,heap       ] GC(42) Old regions: 184->188
[48.827s][info][gc,heap       ] GC(42) Humongous regions: 29->29
[48.827s][info][gc,metaspace  ] GC(42) Metaspace: 119267K->119267K(1159168K)
[48.827s][info][gc            ] GC(42) Pause Young (Normal) (G1 Evacuation Pause) 652M->249M(969M) 48.440ms
[48.827s][info][gc,cpu        ] GC(42) User=0.09s Sys=0.00s Real=0.05s
[50.843s][info][gc,start      ] GC(43) Pause Young (Normal) (GCLocker Initiated GC)
[50.843s][info][gc,task       ] GC(43) Using 2 workers of 2 for evacuation
[50.908s][info][gc,phases     ] GC(43)   Pre Evacuate Collection Set: 0.0ms
[50.908s][info][gc,phases     ] GC(43)   Evacuate Collection Set: 56.5ms
[50.908s][info][gc,phases     ] GC(43)   Post Evacuate Collection Set: 8.3ms
[50.908s][info][gc,phases     ] GC(43)   Other: 0.2ms
[50.908s][info][gc,heap       ] GC(43) Eden regions: 512->0(555)
[50.908s][info][gc,heap       ] GC(43) Survivor regions: 33->26(69)
[50.908s][info][gc,heap       ] GC(43) Old regions: 188->188
[50.908s][info][gc,heap       ] GC(43) Humongous regions: 40->31
[50.908s][info][gc,metaspace  ] GC(43) Metaspace: 119281K->119281K(1159168K)
[50.908s][info][gc            ] GC(43) Pause Young (Normal) (GCLocker Initiated GC) 772M->244M(969M) 65.104ms
[50.908s][info][gc,cpu        ] GC(43) User=0.13s Sys=0.00s Real=0.07s
[52.849s][info][gc,start      ] GC(44) Pause Young (Normal) (GCLocker Initiated GC)
[52.849s][info][gc,task       ] GC(44) Using 2 workers of 2 for evacuation
[52.891s][info][gc,phases     ] GC(44)   Pre Evacuate Collection Set: 0.1ms
[52.891s][info][gc,phases     ] GC(44)   Evacuate Collection Set: 38.0ms
[52.891s][info][gc,phases     ] GC(44)   Post Evacuate Collection Set: 3.3ms
[52.891s][info][gc,phases     ] GC(44)   Other: 0.2ms
[52.891s][info][gc,heap       ] GC(44) Eden regions: 558->0(543)
[52.891s][info][gc,heap       ] GC(44) Survivor regions: 26->36(73)
[52.891s][info][gc,heap       ] GC(44) Old regions: 188->188
[52.891s][info][gc,heap       ] GC(44) Humongous regions: 81->37
[52.891s][info][gc,metaspace  ] GC(44) Metaspace: 119292K->119292K(1159168K)
[52.891s][info][gc            ] GC(44) Pause Young (Normal) (GCLocker Initiated GC) 852M->260M(969M) 41.716ms
[52.891s][info][gc,cpu        ] GC(44) User=0.08s Sys=0.00s Real=0.04s
[54.660s][info][gc,start      ] GC(45) Pause Young (Normal) (G1 Evacuation Pause)
[54.660s][info][gc,task       ] GC(45) Using 2 workers of 2 for evacuation
[54.710s][info][gc,phases     ] GC(45)   Pre Evacuate Collection Set: 0.1ms
[54.710s][info][gc,phases     ] GC(45)   Evacuate Collection Set: 46.3ms
[54.710s][info][gc,phases     ] GC(45)   Post Evacuate Collection Set: 3.5ms
[54.710s][info][gc,phases     ] GC(45)   Other: 0.2ms
[54.710s][info][gc,heap       ] GC(45) Eden regions: 543->0(535)
[54.710s][info][gc,heap       ] GC(45) Survivor regions: 36->46(73)
[54.710s][info][gc,heap       ] GC(45) Old regions: 188->188
[54.710s][info][gc,heap       ] GC(45) Humongous regions: 82->35
[54.710s][info][gc,metaspace  ] GC(45) Metaspace: 119293K->119293K(1159168K)
[54.710s][info][gc            ] GC(45) Pause Young (Normal) (G1 Evacuation Pause) 848M->267M(969M) 50.102ms
[54.710s][info][gc,cpu        ] GC(45) User=0.10s Sys=0.00s Real=0.05s
[56.573s][info][gc,start      ] GC(46) Pause Young (Normal) (GCLocker Initiated GC)
[56.573s][info][gc,task       ] GC(46) Using 2 workers of 2 for evacuation
[56.631s][info][gc,phases     ] GC(46)   Pre Evacuate Collection Set: 0.1ms
[56.631s][info][gc,phases     ] GC(46)   Evacuate Collection Set: 54.9ms
[56.631s][info][gc,phases     ] GC(46)   Post Evacuate Collection Set: 3.1ms
[56.631s][info][gc,phases     ] GC(46)   Other: 0.2ms
[56.631s][info][gc,heap       ] GC(46) Eden regions: 539->0(536)
[56.631s][info][gc,heap       ] GC(46) Survivor regions: 46->38(73)
[56.631s][info][gc,heap       ] GC(46) Old regions: 188->202
[56.631s][info][gc,heap       ] GC(46) Humongous regions: 70->38
[56.631s][info][gc,metaspace  ] GC(46) Metaspace: 119298K->119298K(1159168K)
[56.631s][info][gc            ] GC(46) Pause Young (Normal) (GCLocker Initiated GC) 841M->277M(969M) 58.389ms
[56.631s][info][gc,cpu        ] GC(46) User=0.12s Sys=0.00s Real=0.06s
[59.164s][info][gc,start      ] GC(47) Pause Young (Normal) (G1 Evacuation Pause)
[59.164s][info][gc,task       ] GC(47) Using 2 workers of 2 for evacuation
[59.220s][info][gc,phases     ] GC(47)   Pre Evacuate Collection Set: 0.0ms
[59.220s][info][gc,phases     ] GC(47)   Evacuate Collection Set: 44.0ms
[59.220s][info][gc,phases     ] GC(47)   Post Evacuate Collection Set: 11.9ms
[59.220s][info][gc,phases     ] GC(47)   Other: 0.2ms
[59.220s][info][gc,heap       ] GC(47) Eden regions: 536->0(543)
[59.220s][info][gc,heap       ] GC(47) Survivor regions: 38->26(72)
[59.220s][info][gc,heap       ] GC(47) Old regions: 202->205
[59.220s][info][gc,heap       ] GC(47) Humongous regions: 38->36
[59.220s][info][gc,metaspace  ] GC(47) Metaspace: 119388K->119388K(1159168K)
[59.220s][info][gc            ] GC(47) Pause Young (Normal) (G1 Evacuation Pause) 813M->266M(969M) 56.232ms
[59.220s][info][gc,cpu        ] GC(47) User=0.11s Sys=0.00s Real=0.06s
[62.376s][info][gc,start      ] GC(48) Pause Young (Normal) (G1 Evacuation Pause)
[62.376s][info][gc,task       ] GC(48) Using 2 workers of 2 for evacuation
[62.432s][info][gc,phases     ] GC(48)   Pre Evacuate Collection Set: 0.1ms
[62.432s][info][gc,phases     ] GC(48)   Evacuate Collection Set: 43.2ms
[62.432s][info][gc,phases     ] GC(48)   Post Evacuate Collection Set: 12.5ms
[62.432s][info][gc,phases     ] GC(48)   Other: 0.2ms
[62.432s][info][gc,heap       ] GC(48) Eden regions: 543->0(542)
[62.432s][info][gc,heap       ] GC(48) Survivor regions: 26->28(72)
[62.432s][info][gc,heap       ] GC(48) Old regions: 205->205
[62.432s][info][gc,heap       ] GC(48) Humongous regions: 36->36
[62.432s][info][gc,metaspace  ] GC(48) Metaspace: 119421K->119421K(1159168K)
[62.433s][info][gc            ] GC(48) Pause Young (Normal) (G1 Evacuation Pause) 809M->268M(969M) 56.082ms
[62.433s][info][gc,cpu        ] GC(48) User=0.11s Sys=0.00s Real=0.05s
[65.512s][info][gc,start      ] GC(49) Pause Young (Normal) (G1 Evacuation Pause)
[65.512s][info][gc,task       ] GC(49) Using 2 workers of 2 for evacuation
[65.562s][info][gc,phases     ] GC(49)   Pre Evacuate Collection Set: 0.1ms
[65.562s][info][gc,phases     ] GC(49)   Evacuate Collection Set: 46.1ms
[65.562s][info][gc,phases     ] GC(49)   Post Evacuate Collection Set: 2.9ms
[65.562s][info][gc,phases     ] GC(49)   Other: 0.2ms
[65.562s][info][gc,heap       ] GC(49) Eden regions: 542->0(540)
[65.562s][info][gc,heap       ] GC(49) Survivor regions: 28->30(72)
[65.562s][info][gc,heap       ] GC(49) Old regions: 205->205
[65.562s][info][gc,heap       ] GC(49) Humongous regions: 36->36
[65.562s][info][gc,metaspace  ] GC(49) Metaspace: 119498K->119498K(1159168K)
[65.562s][info][gc            ] GC(49) Pause Young (Normal) (G1 Evacuation Pause) 810M->270M(969M) 49.403ms
[65.562s][info][gc,cpu        ] GC(49) User=0.09s Sys=0.00s Real=0.05s
[68.473s][info][gc,start      ] GC(50) Pause Young (Normal) (G1 Evacuation Pause)
[68.473s][info][gc,task       ] GC(50) Using 2 workers of 2 for evacuation
[68.511s][info][gc,phases     ] GC(50)   Pre Evacuate Collection Set: 0.0ms
[68.511s][info][gc,phases     ] GC(50)   Evacuate Collection Set: 34.5ms
[68.511s][info][gc,phases     ] GC(50)   Post Evacuate Collection Set: 3.3ms
[68.511s][info][gc,phases     ] GC(50)   Other: 0.3ms
[68.511s][info][gc,heap       ] GC(50) Eden regions: 540->0(541)
[68.511s][info][gc,heap       ] GC(50) Survivor regions: 30->30(72)
[68.511s][info][gc,heap       ] GC(50) Old regions: 205->205
[68.511s][info][gc,heap       ] GC(50) Humongous regions: 36->36
[68.511s][info][gc,metaspace  ] GC(50) Metaspace: 119508K->119508K(1159168K)
[68.511s][info][gc            ] GC(50) Pause Young (Normal) (G1 Evacuation Pause) 810M->270M(969M) 38.201ms
[68.511s][info][gc,cpu        ] GC(50) User=0.07s Sys=0.00s Real=0.04s
[72.682s][info][gc,start      ] GC(51) Pause Young (Normal) (GCLocker Initiated GC)
[72.682s][info][gc,task       ] GC(51) Using 2 workers of 2 for evacuation
[72.756s][info][gc,phases     ] GC(51)   Pre Evacuate Collection Set: 0.1ms
[72.756s][info][gc,phases     ] GC(51)   Evacuate Collection Set: 68.9ms
[72.756s][info][gc,phases     ] GC(51)   Post Evacuate Collection Set: 4.4ms
[72.756s][info][gc,phases     ] GC(51)   Other: 0.4ms
[72.756s][info][gc,heap       ] GC(51) Eden regions: 541->0(503)
[72.756s][info][gc,heap       ] GC(51) Survivor regions: 30->53(72)
[72.756s][info][gc,heap       ] GC(51) Old regions: 205->205
[72.756s][info][gc,heap       ] GC(51) Humongous regions: 36->36
[72.756s][info][gc,metaspace  ] GC(51) Metaspace: 141563K->141563K(1177600K)
[72.756s][info][gc            ] GC(51) Pause Young (Normal) (GCLocker Initiated GC) 811M->293M(969M) 73.787ms
[72.756s][info][gc,cpu        ] GC(51) User=0.14s Sys=0.00s Real=0.08s
[76.930s][info][gc,start      ] GC(52) Pause Young (Normal) (G1 Evacuation Pause)
[76.930s][info][gc,task       ] GC(52) Using 2 workers of 2 for evacuation
[77.059s][info][gc,phases     ] GC(52)   Pre Evacuate Collection Set: 0.1ms
[77.059s][info][gc,phases     ] GC(52)   Evacuate Collection Set: 123.0ms
[77.059s][info][gc,phases     ] GC(52)   Post Evacuate Collection Set: 5.2ms
[77.059s][info][gc,phases     ] GC(52)   Other: 0.3ms
[77.059s][info][gc,heap       ] GC(52) Eden regions: 503->0(508)
[77.059s][info][gc,heap       ] GC(52) Survivor regions: 53->7(70)
[77.059s][info][gc,heap       ] GC(52) Old regions: 205->256
[77.059s][info][gc,heap       ] GC(52) Humongous regions: 58->36
[77.059s][info][gc,metaspace  ] GC(52) Metaspace: 150087K->150087K(1185792K)
[77.059s][info][gc            ] GC(52) Pause Young (Normal) (G1 Evacuation Pause) 818M->298M(969M) 128.542ms
[77.059s][info][gc,cpu        ] GC(52) User=0.25s Sys=0.00s Real=0.13s
[81.316s][info][gc,start      ] GC(53) Pause Young (Normal) (G1 Evacuation Pause)
[81.316s][info][gc,task       ] GC(53) Using 2 workers of 2 for evacuation
[81.341s][info][gc,phases     ] GC(53)   Pre Evacuate Collection Set: 0.1ms
[81.341s][info][gc,phases     ] GC(53)   Evacuate Collection Set: 20.8ms
[81.341s][info][gc,phases     ] GC(53)   Post Evacuate Collection Set: 3.8ms
[81.341s][info][gc,phases     ] GC(53)   Other: 0.3ms
[81.341s][info][gc,heap       ] GC(53) Eden regions: 508->0(509)
[81.341s][info][gc,heap       ] GC(53) Survivor regions: 7->14(65)
[81.341s][info][gc,heap       ] GC(53) Old regions: 256->256
[81.341s][info][gc,heap       ] GC(53) Humongous regions: 58->36
[81.341s][info][gc,metaspace  ] GC(53) Metaspace: 172101K->172101K(1204224K)
[81.341s][info][gc            ] GC(53) Pause Young (Normal) (G1 Evacuation Pause) 828M->304M(969M) 24.939ms
[81.341s][info][gc,cpu        ] GC(53) User=0.04s Sys=0.00s Real=0.02s
[84.071s][info][gc,start      ] GC(54) Pause Young (Concurrent Start) (Metadata GC Threshold)
[84.071s][info][gc,task       ] GC(54) Using 2 workers of 2 for evacuation
[84.114s][info][gc,phases     ] GC(54)   Pre Evacuate Collection Set: 0.5ms
[84.114s][info][gc,phases     ] GC(54)   Evacuate Collection Set: 37.6ms
[84.114s][info][gc,phases     ] GC(54)   Post Evacuate Collection Set: 4.1ms
[84.114s][info][gc,phases     ] GC(54)   Other: 0.5ms
[84.114s][info][gc,heap       ] GC(54) Eden regions: 156->0(505)
[84.114s][info][gc,heap       ] GC(54) Survivor regions: 14->24(66)
[84.114s][info][gc,heap       ] GC(54) Old regions: 256->256
[84.114s][info][gc,heap       ] GC(54) Humongous regions: 79->36
[84.114s][info][gc,metaspace  ] GC(54) Metaspace: 190234K->190234K(1220608K)
[84.114s][info][gc            ] GC(54) Pause Young (Concurrent Start) (Metadata GC Threshold) 503M->315M(969M) 42.721ms
[84.114s][info][gc,cpu        ] GC(54) User=0.08s Sys=0.00s Real=0.04s
[84.114s][info][gc            ] GC(55) Concurrent Cycle
[84.114s][info][gc,marking    ] GC(55) Concurrent Clear Claimed Marks
[84.114s][info][gc,marking    ] GC(55) Concurrent Clear Claimed Marks 0.350ms
[84.114s][info][gc,marking    ] GC(55) Concurrent Scan Root Regions
[84.152s][info][gc,marking    ] GC(55) Concurrent Scan Root Regions 37.818ms
[84.152s][info][gc,marking    ] GC(55) Concurrent Mark (84.152s)
[84.152s][info][gc,marking    ] GC(55) Concurrent Mark From Roots
[84.152s][info][gc,task       ] GC(55) Using 1 workers of 1 for marking
[84.557s][info][gc,marking    ] GC(55) Concurrent Mark From Roots 405.509ms
[84.557s][info][gc,marking    ] GC(55) Concurrent Preclean
[84.558s][info][gc,marking    ] GC(55) Concurrent Preclean 0.650ms
[84.558s][info][gc,marking    ] GC(55) Concurrent Mark (84.152s, 84.558s) 406.206ms
[84.558s][info][gc,start      ] GC(55) Pause Remark
[84.658s][info][gc,stringtable] GC(55) Cleaned string and symbol table, strings: 73137 processed, 1512 removed, symbols: 470955 processed, 179 removed
[84.659s][info][gc            ] GC(55) Pause Remark 366M->332M(969M) 100.963ms
[84.659s][info][gc,cpu        ] GC(55) User=0.20s Sys=0.00s Real=0.10s
[84.662s][info][gc,marking    ] GC(55) Concurrent Rebuild Remembered Sets
[84.903s][info][gc,marking    ] GC(55) Concurrent Rebuild Remembered Sets 241.414ms
[84.906s][info][gc,start      ] GC(55) Pause Cleanup
[84.907s][info][gc            ] GC(55) Pause Cleanup 374M->374M(969M) 0.808ms
[84.907s][info][gc,cpu        ] GC(55) User=0.01s Sys=0.00s Real=0.00s
[84.907s][info][gc,marking    ] GC(55) Concurrent Cleanup for Next Mark
[84.914s][info][gc,marking    ] GC(55) Concurrent Cleanup for Next Mark 7.309ms
[84.914s][info][gc            ] GC(55) Concurrent Cycle 800.619ms
[88.742s][info][gc,start      ] GC(56) Pause Young (Prepare Mixed) (G1 Evacuation Pause)
[88.742s][info][gc,task       ] GC(56) Using 2 workers of 2 for evacuation
[88.865s][info][gc,phases     ] GC(56)   Pre Evacuate Collection Set: 0.0ms
[88.865s][info][gc,phases     ] GC(56)   Evacuate Collection Set: 117.6ms
[88.865s][info][gc,phases     ] GC(56)   Post Evacuate Collection Set: 5.3ms
[88.865s][info][gc,phases     ] GC(56)   Other: 0.3ms
[88.865s][info][gc,heap       ] GC(56) Eden regions: 505->0(2)
[88.865s][info][gc,heap       ] GC(56) Survivor regions: 24->46(67)
[88.865s][info][gc,heap       ] GC(56) Old regions: 229->229
[88.865s][info][gc,heap       ] GC(56) Humongous regions: 47->28
[88.865s][info][gc,metaspace  ] GC(56) Metaspace: 197049K->197049K(1226752K)
[88.865s][info][gc            ] GC(56) Pause Young (Prepare Mixed) (G1 Evacuation Pause) 804M->302M(969M) 123.377ms
[88.865s][info][gc,cpu        ] GC(56) User=0.24s Sys=0.00s Real=0.12s
[88.873s][info][gc,start      ] GC(57) Pause Young (Mixed) (G1 Evacuation Pause)
[88.873s][info][gc,task       ] GC(57) Using 2 workers of 2 for evacuation
[88.956s][info][gc,phases     ] GC(57)   Pre Evacuate Collection Set: 0.2ms
[88.956s][info][gc,phases     ] GC(57)   Evacuate Collection Set: 77.8ms
[88.956s][info][gc,phases     ] GC(57)   Post Evacuate Collection Set: 4.5ms
[88.956s][info][gc,phases     ] GC(57)   Other: 0.4ms
[88.956s][info][gc,heap       ] GC(57) Eden regions: 2->0(552)
[88.956s][info][gc,heap       ] GC(57) Survivor regions: 46->1(6)
[88.956s][info][gc,heap       ] GC(57) Old regions: 229->215
[88.956s][info][gc,heap       ] GC(57) Humongous regions: 28->28
[88.956s][info][gc,metaspace  ] GC(57) Metaspace: 197049K->197049K(1226752K)
[88.956s][info][gc            ] GC(57) Pause Young (Mixed) (G1 Evacuation Pause) 304M->243M(969M) 82.996ms
[88.956s][info][gc,cpu        ] GC(57) User=0.16s Sys=0.00s Real=0.09s
[90.789s][info][gc,start      ] GC(58) Pause Young (Concurrent Start) (G1 Evacuation Pause)
[90.789s][info][gc,task       ] GC(58) Using 2 workers of 2 for evacuation
[90.817s][info][gc,phases     ] GC(58)   Pre Evacuate Collection Set: 0.6ms
[90.817s][info][gc,phases     ] GC(58)   Evacuate Collection Set: 23.4ms
[90.817s][info][gc,phases     ] GC(58)   Post Evacuate Collection Set: 3.1ms
[90.817s][info][gc,phases     ] GC(58)   Other: 0.4ms
[90.817s][info][gc,heap       ] GC(58) Eden regions: 552->0(553)
[90.817s][info][gc,heap       ] GC(58) Survivor regions: 1->9(70)
[90.817s][info][gc,heap       ] GC(58) Old regions: 215->215
[90.817s][info][gc,heap       ] GC(58) Humongous regions: 29->29
[90.817s][info][gc,metaspace  ] GC(58) Metaspace: 197524K->197524K(1226752K)
[90.817s][info][gc            ] GC(58) Pause Young (Concurrent Start) (G1 Evacuation Pause) 796M->251M(969M) 27.512ms
[90.817s][info][gc,cpu        ] GC(58) User=0.04s Sys=0.00s Real=0.03s
[90.817s][info][gc            ] GC(59) Concurrent Cycle
[90.817s][info][gc,marking    ] GC(59) Concurrent Clear Claimed Marks
[90.817s][info][gc,marking    ] GC(59) Concurrent Clear Claimed Marks 0.220ms
[90.817s][info][gc,marking    ] GC(59) Concurrent Scan Root Regions
[90.830s][info][gc,marking    ] GC(59) Concurrent Scan Root Regions 12.474ms
[90.830s][info][gc,marking    ] GC(59) Concurrent Mark (90.830s)
[90.830s][info][gc,marking    ] GC(59) Concurrent Mark From Roots
[90.830s][info][gc,task       ] GC(59) Using 1 workers of 1 for marking
[91.185s][info][gc,marking    ] GC(59) Concurrent Mark From Roots 355.399ms
[91.185s][info][gc,marking    ] GC(59) Concurrent Preclean
[91.186s][info][gc,marking    ] GC(59) Concurrent Preclean 0.348ms
[91.186s][info][gc,marking    ] GC(59) Concurrent Mark (90.830s, 91.186s) 355.809ms
[91.186s][info][gc,start      ] GC(59) Pause Remark
[91.297s][info][gc,stringtable] GC(59) Cleaned string and symbol table, strings: 73590 processed, 81 removed, symbols: 480682 processed, 67 removed
[91.298s][info][gc            ] GC(59) Pause Remark 393M->389M(969M) 111.803ms
[91.298s][info][gc,cpu        ] GC(59) User=0.21s Sys=0.00s Real=0.11s
[91.299s][info][gc,marking    ] GC(59) Concurrent Rebuild Remembered Sets
[91.447s][info][gc,marking    ] GC(59) Concurrent Rebuild Remembered Sets 147.181ms
[91.447s][info][gc,start      ] GC(59) Pause Cleanup
[91.448s][info][gc            ] GC(59) Pause Cleanup 440M->440M(969M) 0.789ms
[91.448s][info][gc,cpu        ] GC(59) User=0.00s Sys=0.00s Real=0.00s
[91.448s][info][gc,marking    ] GC(59) Concurrent Cleanup for Next Mark
[91.463s][info][gc,marking    ] GC(59) Concurrent Cleanup for Next Mark 14.778ms
[91.463s][info][gc            ] GC(59) Concurrent Cycle 645.670ms
[92.281s][info][gc,start      ] GC(60) Pause Young (Prepare Mixed) (G1 Evacuation Pause)
[92.281s][info][gc,task       ] GC(60) Using 2 workers of 2 for evacuation
[92.317s][info][gc,phases     ] GC(60)   Pre Evacuate Collection Set: 0.1ms
[92.317s][info][gc,phases     ] GC(60)   Evacuate Collection Set: 32.6ms
[92.317s][info][gc,phases     ] GC(60)   Post Evacuate Collection Set: 3.2ms
[92.317s][info][gc,phases     ] GC(60)   Other: 0.3ms
[92.317s][info][gc,heap       ] GC(60) Eden regions: 553->0(34)
[92.317s][info][gc,heap       ] GC(60) Survivor regions: 9->14(71)
[92.317s][info][gc,heap       ] GC(60) Old regions: 211->211
[92.317s][info][gc,heap       ] GC(60) Humongous regions: 29->29
[92.317s][info][gc,metaspace  ] GC(60) Metaspace: 197565K->197565K(1226752K)
[92.317s][info][gc            ] GC(60) Pause Young (Prepare Mixed) (G1 Evacuation Pause) 801M->254M(969M) 36.277ms
[92.317s][info][gc,cpu        ] GC(60) User=0.07s Sys=0.00s Real=0.04s
[92.404s][info][gc,start      ] GC(61) Pause Young (Mixed) (G1 Evacuation Pause)
[92.404s][info][gc,task       ] GC(61) Using 2 workers of 2 for evacuation
[92.433s][info][gc,phases     ] GC(61)   Pre Evacuate Collection Set: 0.1ms
[92.433s][info][gc,phases     ] GC(61)   Evacuate Collection Set: 25.4ms
[92.433s][info][gc,phases     ] GC(61)   Post Evacuate Collection Set: 3.0ms
[92.433s][info][gc,phases     ] GC(61)   Other: 0.3ms
[92.433s][info][gc,heap       ] GC(61) Eden regions: 34->0(580)
[92.433s][info][gc,heap       ] GC(61) Survivor regions: 14->1(6)
[92.433s][info][gc,heap       ] GC(61) Old regions: 211->177
[92.433s][info][gc,heap       ] GC(61) Humongous regions: 29->29
[92.433s][info][gc,metaspace  ] GC(61) Metaspace: 197565K->197565K(1226752K)
[92.433s][info][gc            ] GC(61) Pause Young (Mixed) (G1 Evacuation Pause) 288M->206M(969M) 28.864ms
[92.433s][info][gc,cpu        ] GC(61) User=0.05s Sys=0.00s Real=0.03s
[97.017s][info][gc,start      ] GC(62) Pause Young (Normal) (G1 Evacuation Pause)
[97.017s][info][gc,task       ] GC(62) Using 2 workers of 2 for evacuation
[97.084s][info][gc,phases     ] GC(62)   Pre Evacuate Collection Set: 0.0ms
[97.084s][info][gc,phases     ] GC(62)   Evacuate Collection Set: 62.3ms
[97.084s][info][gc,phases     ] GC(62)   Post Evacuate Collection Set: 3.6ms
[97.084s][info][gc,phases     ] GC(62)   Other: 0.3ms
[97.084s][info][gc,heap       ] GC(62) Eden regions: 580->0(539)
[97.084s][info][gc,heap       ] GC(62) Survivor regions: 1->42(73)
[97.084s][info][gc,heap       ] GC(62) Old regions: 177->177
[97.084s][info][gc,heap       ] GC(62) Humongous regions: 47->36
[97.084s][info][gc,metaspace  ] GC(62) Metaspace: 202275K->202275K(1230848K)
[97.084s][info][gc            ] GC(62) Pause Young (Normal) (G1 Evacuation Pause) 804M->254M(969M) 66.261ms
[97.084s][info][gc,cpu        ] GC(62) User=0.13s Sys=0.00s Real=0.06s
[98.732s][info][gc,start      ] GC(63) Pause Young (Normal) (G1 Evacuation Pause)
[98.732s][info][gc,task       ] GC(63) Using 2 workers of 2 for evacuation
[98.805s][info][gc,phases     ] GC(63)   Pre Evacuate Collection Set: 0.1ms
[98.805s][info][gc,phases     ] GC(63)   Evacuate Collection Set: 69.0ms
[98.805s][info][gc,phases     ] GC(63)   Post Evacuate Collection Set: 3.3ms
[98.805s][info][gc,phases     ] GC(63)   Other: 0.2ms
[98.805s][info][gc,heap       ] GC(63) Eden regions: 539->0(533)
[98.805s][info][gc,heap       ] GC(63) Survivor regions: 42->14(73)
[98.805s][info][gc,heap       ] GC(63) Old regions: 177->218
[98.805s][info][gc,heap       ] GC(63) Humongous regions: 55->41
[98.805s][info][gc,metaspace  ] GC(63) Metaspace: 202321K->202321K(1230848K)
[98.805s][info][gc            ] GC(63) Pause Young (Normal) (G1 Evacuation Pause) 812M->273M(969M) 72.597ms
[98.805s][info][gc,cpu        ] GC(63) User=0.15s Sys=0.00s Real=0.07s
[99.820s][info][gc,start      ] GC(64) Pause Young (Normal) (G1 Evacuation Pause)
[99.820s][info][gc,task       ] GC(64) Using 2 workers of 2 for evacuation
[99.852s][info][gc,phases     ] GC(64)   Pre Evacuate Collection Set: 0.0ms
[99.852s][info][gc,phases     ] GC(64)   Evacuate Collection Set: 27.6ms
[99.852s][info][gc,phases     ] GC(64)   Post Evacuate Collection Set: 3.7ms
[99.852s][info][gc,phases     ] GC(64)   Other: 0.2ms
[99.852s][info][gc,heap       ] GC(64) Eden regions: 533->0(534)
[99.852s][info][gc,heap       ] GC(64) Survivor regions: 14->19(69)
[99.852s][info][gc,heap       ] GC(64) Old regions: 218->218
[99.852s][info][gc,heap       ] GC(64) Humongous regions: 42->42
[99.852s][info][gc,metaspace  ] GC(64) Metaspace: 202339K->202339K(1230848K)
[99.852s][info][gc            ] GC(64) Pause Young (Normal) (G1 Evacuation Pause) 807M->278M(969M) 31.592ms
[99.852s][info][gc,cpu        ] GC(64) User=0.06s Sys=0.00s Real=0.03s
[101.781s][info][gc,start      ] GC(65) Pause Young (Normal) (G1 Evacuation Pause)
[101.781s][info][gc,task       ] GC(65) Using 2 workers of 2 for evacuation
[101.840s][info][gc,phases     ] GC(65)   Pre Evacuate Collection Set: 0.0ms
[101.840s][info][gc,phases     ] GC(65)   Evacuate Collection Set: 53.7ms
[101.840s][info][gc,phases     ] GC(65)   Post Evacuate Collection Set: 4.7ms
[101.840s][info][gc,phases     ] GC(65)   Other: 0.2ms
[101.840s][info][gc,heap       ] GC(65) Eden regions: 534->0(522)
[101.840s][info][gc,heap       ] GC(65) Survivor regions: 19->33(70)
[101.840s][info][gc,heap       ] GC(65) Old regions: 218->218
[101.840s][info][gc,heap       ] GC(65) Humongous regions: 43->43
[101.840s][info][gc,metaspace  ] GC(65) Metaspace: 203515K->203515K(1232896K)
[101.840s][info][gc            ] GC(65) Pause Young (Normal) (G1 Evacuation Pause) 813M->294M(969M) 58.799ms
[101.840s][info][gc,cpu        ] GC(65) User=0.11s Sys=0.00s Real=0.06s
[103.298s][info][gc,heap,exit  ] Heap
[103.298s][info][gc,heap,exit  ]  garbage-first heap   total 992256K, used 828416K [0x00000006cfa00000, 0x0000000800000000)
[103.298s][info][gc,heap,exit  ]   region size 1024K, 549 young (562176K), 33 survivors (33792K)
[103.298s][info][gc,heap,exit  ]  Metaspace       used 204187K, capacity 211595K, committed 211784K, reserved 1232896K
[103.298s][info][gc,heap,exit  ]   class space    used 25828K, capacity 28726K, committed 28776K, reserved 1048576K
